// Jest Snapshot v1, https://goo.gl/fbAQLP

exports[`FavoriteSelect.vue debe de mostrarse correctamente 1`] = `
VueWrapper {
  "__app": Object {
    "_component": Object {
      "__emits": null,
      "__props": Array [
        Object {},
        Array [],
      ],
      "name": "VTU_ROOT",
      "render": [Function],
    },
    "_container": <div
      data-v-app=""
    >
      <!---->
    </div>,
    "_context": Object {
      "app": [Circular],
      "components": Object {
        "QBtn": Object {
          "emits": Array [
            "click",
            "keydown",
            "touchstart",
            "mousedown",
            "keyup",
          ],
          "name": "QBtn",
          "props": Object {
            "activeClass": Object {
              "default": "q-router-link--active",
              "type": [Function],
            },
            "align": Object {
              "default": "center",
              "type": [Function],
              "validator": [Function],
            },
            "color": [Function],
            "darkPercentage": [Function],
            "dense": [Function],
            "disable": [Function],
            "exact": [Function],
            "exactActiveClass": Object {
              "default": "q-router-link--exact-active",
              "type": [Function],
            },
            "fab": [Function],
            "fabMini": [Function],
            "flat": [Function],
            "glossy": [Function],
            "icon": [Function],
            "iconRight": [Function],
            "label": Array [
              [Function],
              [Function],
            ],
            "loading": Object {
              "default": null,
              "type": [Function],
            },
            "noCaps": [Function],
            "noWrap": [Function],
            "outline": [Function],
            "padding": [Function],
            "percentage": [Function],
            "push": [Function],
            "replace": [Function],
            "ripple": Object {
              "default": true,
              "type": Array [
                [Function],
                [Function],
              ],
            },
            "round": [Function],
            "rounded": [Function],
            "size": [Function],
            "stack": [Function],
            "stretch": [Function],
            "tabindex": Array [
              [Function],
              [Function],
            ],
            "textColor": [Function],
            "to": Array [
              [Function],
              [Function],
            ],
            "type": Object {
              "default": "button",
              "type": [Function],
            },
            "unelevated": [Function],
          },
          "setup": [Function],
        },
        "QCard": Object {
          "name": "QCard",
          "props": Object {
            "bordered": [Function],
            "dark": Object {
              "default": null,
              "type": [Function],
            },
            "flat": [Function],
            "square": [Function],
            "tag": Object {
              "default": "div",
              "type": [Function],
            },
          },
          "setup": [Function],
        },
        "QCardActions": Object {
          "name": "QCardActions",
          "props": Object {
            "align": Object {
              "type": [Function],
              "validator": [Function],
            },
            "vertical": [Function],
          },
          "setup": [Function],
        },
        "QCardSection": Object {
          "name": "QCardSection",
          "props": Object {
            "horizontal": [Function],
            "tag": Object {
              "default": "div",
              "type": [Function],
            },
          },
          "setup": [Function],
        },
        "QDialog": Object {
          "__emits": Object {
            "before-hide": null,
            "before-show": null,
            "click": null,
            "escape-key": null,
            "hide": null,
            "shake": null,
            "show": null,
          },
          "__props": Array [
            Object {
              "autoClose": Object {
                "0": true,
                "1": true,
                "type": [Function],
              },
              "fullHeight": Object {
                "0": true,
                "1": true,
                "type": [Function],
              },
              "fullWidth": Object {
                "0": true,
                "1": true,
                "type": [Function],
              },
              "maximized": Object {
                "0": true,
                "1": true,
                "type": [Function],
              },
              "modelValue": Object {
                "0": true,
                "1": true,
                "default": null,
                "type": [Function],
              },
              "noBackdropDismiss": Object {
                "0": true,
                "1": true,
                "type": [Function],
              },
              "noEscDismiss": Object {
                "0": true,
                "1": true,
                "type": [Function],
              },
              "noFocus": Object {
                "0": true,
                "1": true,
                "type": [Function],
              },
              "noRefocus": Object {
                "0": true,
                "1": true,
                "type": [Function],
              },
              "noRouteDismiss": Object {
                "0": true,
                "1": true,
                "type": [Function],
              },
              "onUpdate:modelValue": Object {
                "0": false,
                "1": true,
                "type": [Function],
              },
              "persistent": Object {
                "0": true,
                "1": true,
                "type": [Function],
              },
              "position": Object {
                "0": false,
                "1": true,
                "default": "standard",
                "type": [Function],
                "validator": [Function],
              },
              "seamless": Object {
                "0": true,
                "1": true,
                "type": [Function],
              },
              "square": Object {
                "0": true,
                "1": true,
                "type": [Function],
              },
              "transitionDuration": Object {
                "0": false,
                "1": true,
                "default": 300,
                "type": Array [
                  [Function],
                  [Function],
                ],
              },
              "transitionHide": Object {
                "0": false,
                "1": true,
                "type": [Function],
              },
              "transitionShow": Object {
                "0": false,
                "1": true,
                "type": [Function],
              },
            },
            Array [
              "modelValue",
              "transitionDuration",
              "persistent",
              "autoClose",
              "noEscDismiss",
              "noBackdropDismiss",
              "noRouteDismiss",
              "noRefocus",
              "noFocus",
              "seamless",
              "maximized",
              "fullWidth",
              "fullHeight",
              "square",
              "position",
            ],
          ],
          "emits": Array [
            "before-show",
            "show",
            "before-hide",
            "hide",
            "shake",
            "click",
            "escape-key",
          ],
          "inheritAttrs": false,
          "name": "QDialog",
          "props": Object {
            "autoClose": [Function],
            "fullHeight": [Function],
            "fullWidth": [Function],
            "maximized": [Function],
            "modelValue": Object {
              "0": true,
              "1": true,
              "default": null,
              "type": [Function],
            },
            "noBackdropDismiss": [Function],
            "noEscDismiss": [Function],
            "noFocus": [Function],
            "noRefocus": [Function],
            "noRouteDismiss": [Function],
            "onUpdate:modelValue": [Function],
            "persistent": [Function],
            "position": Object {
              "0": false,
              "1": true,
              "default": "standard",
              "type": [Function],
              "validator": [Function],
            },
            "seamless": [Function],
            "square": [Function],
            "transitionDuration": Object {
              "0": false,
              "1": true,
              "default": 300,
              "type": Array [
                [Function],
                [Function],
              ],
            },
            "transitionHide": [Function],
            "transitionShow": [Function],
          },
          "setup": [Function],
        },
        "QInput": Object {
          "emits": Array [
            "update:modelValue",
            "clear",
            "focus",
            "blur",
            "popup-show",
            "popup-hide",
            "paste",
            "change",
          ],
          "inheritAttrs": false,
          "name": "QInput",
          "props": Object {
            "autofocus": [Function],
            "autogrow": [Function],
            "bgColor": [Function],
            "borderless": [Function],
            "bottomSlots": [Function],
            "clearIcon": [Function],
            "clearable": [Function],
            "color": [Function],
            "counter": [Function],
            "dark": Object {
              "default": null,
              "type": [Function],
            },
            "debounce": Array [
              [Function],
              [Function],
            ],
            "dense": [Function],
            "disable": [Function],
            "error": Object {
              "default": null,
              "type": [Function],
            },
            "errorMessage": [Function],
            "fillMask": Array [
              [Function],
              [Function],
            ],
            "filled": [Function],
            "for": [Function],
            "hideBottomSpace": [Function],
            "hideHint": [Function],
            "hint": [Function],
            "inputClass": Array [
              [Function],
              [Function],
              [Function],
            ],
            "inputStyle": Array [
              [Function],
              [Function],
              [Function],
            ],
            "itemAligned": [Function],
            "label": [Function],
            "labelColor": [Function],
            "labelSlot": [Function],
            "lazyRules": Object {
              "type": Array [
                [Function],
                [Function],
              ],
              "validator": [Function],
            },
            "loading": [Function],
            "mask": [Function],
            "maxlength": Array [
              [Function],
              [Function],
            ],
            "modelValue": Object {
              "required": false,
            },
            "name": [Function],
            "noErrorIcon": [Function],
            "outlined": [Function],
            "prefix": [Function],
            "reactiveRules": [Function],
            "readonly": [Function],
            "reverseFillMask": [Function],
            "rounded": [Function],
            "rules": [Function],
            "shadowText": [Function],
            "square": [Function],
            "stackLabel": [Function],
            "standout": Array [
              [Function],
              [Function],
            ],
            "suffix": [Function],
            "type": Object {
              "default": "text",
              "type": [Function],
            },
            "unmaskedValue": [Function],
          },
          "setup": [Function],
        },
        "QSelect": Object {
          "emits": Array [
            "update:modelValue",
            "clear",
            "focus",
            "blur",
            "popup-show",
            "popup-hide",
            "add",
            "remove",
            "input-value",
            "keyup",
            "keypress",
            "keydown",
            "filter-abort",
          ],
          "inheritAttrs": false,
          "name": "QSelect",
          "props": Object {
            "autocomplete": [Function],
            "autofocus": [Function],
            "behavior": Object {
              "default": "default",
              "type": [Function],
              "validator": [Function],
            },
            "bgColor": [Function],
            "borderless": [Function],
            "bottomSlots": [Function],
            "clearIcon": [Function],
            "clearable": [Function],
            "color": [Function],
            "counter": [Function],
            "dark": Object {
              "default": null,
              "type": [Function],
            },
            "dense": [Function],
            "disable": [Function],
            "displayValue": Array [
              [Function],
              [Function],
            ],
            "displayValueHtml": [Function],
            "dropdownIcon": [Function],
            "emitValue": [Function],
            "error": Object {
              "default": null,
              "type": [Function],
            },
            "errorMessage": [Function],
            "fillInput": [Function],
            "filled": [Function],
            "for": [Function],
            "hideBottomSpace": [Function],
            "hideDropdownIcon": [Function],
            "hideHint": [Function],
            "hideSelected": [Function],
            "hint": [Function],
            "inputClass": Array [
              [Function],
              [Function],
              [Function],
            ],
            "inputDebounce": Object {
              "default": 500,
              "type": Array [
                [Function],
                [Function],
              ],
            },
            "inputStyle": Array [
              [Function],
              [Function],
              [Function],
            ],
            "itemAligned": [Function],
            "label": [Function],
            "labelColor": [Function],
            "labelSlot": [Function],
            "lazyRules": Object {
              "type": Array [
                [Function],
                [Function],
              ],
              "validator": [Function],
            },
            "loading": [Function],
            "mapOptions": [Function],
            "maxValues": Array [
              [Function],
              [Function],
            ],
            "maxlength": Array [
              [Function],
              [Function],
            ],
            "menuAnchor": [Function],
            "menuOffset": [Function],
            "menuSelf": [Function],
            "menuShrink": [Function],
            "modelValue": Object {
              "required": true,
            },
            "multiple": [Function],
            "name": [Function],
            "newValueMode": Object {
              "type": [Function],
              "validator": [Function],
            },
            "noErrorIcon": [Function],
            "onFilter": [Function],
            "onNewValue": [Function],
            "onVirtualScroll": [Function],
            "optionDisable": Array [
              [Function],
              [Function],
            ],
            "optionLabel": Array [
              [Function],
              [Function],
            ],
            "optionValue": Array [
              [Function],
              [Function],
            ],
            "options": Object {
              "default": [Function],
              "type": [Function],
            },
            "optionsCover": [Function],
            "optionsDark": Object {
              "default": null,
              "type": [Function],
            },
            "optionsDense": [Function],
            "optionsHtml": [Function],
            "optionsSelectedClass": [Function],
            "outlined": [Function],
            "popupContentClass": [Function],
            "popupContentStyle": Array [
              [Function],
              [Function],
              [Function],
            ],
            "prefix": [Function],
            "reactiveRules": [Function],
            "readonly": [Function],
            "rounded": [Function],
            "rules": [Function],
            "square": [Function],
            "stackLabel": [Function],
            "standout": Array [
              [Function],
              [Function],
            ],
            "suffix": [Function],
            "tabindex": Object {
              "default": 0,
              "type": Array [
                [Function],
                [Function],
              ],
            },
            "tableColspan": Array [
              [Function],
              [Function],
            ],
            "transitionDuration": Array [
              [Function],
              [Function],
            ],
            "transitionHide": [Function],
            "transitionShow": [Function],
            "useChips": [Function],
            "useInput": [Function],
            "virtualScrollHorizontal": [Function],
            "virtualScrollItemSize": Object {
              "default": undefined,
              "type": Array [
                [Function],
                [Function],
              ],
            },
            "virtualScrollSliceRatioAfter": Object {
              "default": 1,
              "type": Array [
                [Function],
                [Function],
              ],
            },
            "virtualScrollSliceRatioBefore": Object {
              "default": 1,
              "type": Array [
                [Function],
                [Function],
              ],
            },
            "virtualScrollSliceSize": Object {
              "default": null,
              "type": Array [
                [Function],
                [Function],
              ],
            },
            "virtualScrollStickySizeEnd": Object {
              "default": 0,
              "type": Array [
                [Function],
                [Function],
              ],
            },
            "virtualScrollStickySizeStart": Object {
              "default": 0,
              "type": Array [
                [Function],
                [Function],
              ],
            },
          },
          "setup": [Function],
        },
        "QSeparator": Object {
          "name": "QSeparator",
          "props": Object {
            "color": [Function],
            "dark": Object {
              "default": null,
              "type": [Function],
            },
            "inset": Array [
              [Function],
              [Function],
            ],
            "size": [Function],
            "spaced": Array [
              [Function],
              [Function],
            ],
            "vertical": [Function],
          },
          "setup": [Function],
        },
        "transition": Object {
          "name": "transition",
          "props": undefined,
          "render": [Function],
        },
        "transition-group": Object {
          "name": "transition-group",
          "props": undefined,
          "render": [Function],
        },
      },
      "config": Object {
        "errorHandler": undefined,
        "globalProperties": Object {},
        "isCustomElement": [Function],
        "isNativeTag": [Function],
        "optionMergeStrategies": Object {},
        "performance": false,
        "warnHandler": undefined,
      },
      "directives": Object {},
      "mixins": Array [
        Object {
          "__emits": null,
          "__props": Array [],
          "beforeCreate": [Function],
        },
      ],
      "provides": Object {},
      "reload": [Function],
    },
    "_props": null,
    "_uid": 0,
    "component": [Function],
    "config": Object {
      "errorHandler": undefined,
      "globalProperties": Object {},
      "isCustomElement": [Function],
      "isNativeTag": [Function],
      "optionMergeStrategies": Object {},
      "performance": false,
      "warnHandler": undefined,
    },
    "directive": [Function],
    "mixin": [Function],
    "mount": [Function],
    "provide": [Function],
    "unmount": [Function],
    "use": [Function],
    "version": "3.0.11",
  },
  "__setProps": [Function],
  "componentVM": Object {
    "dialogRef": Object {
      "__updateRefocusTarget": [Function],
      "autoClose": false,
      "focus": [Function],
      "fullHeight": false,
      "fullWidth": false,
      "hide": [Function],
      "maximized": false,
      "modelValue": null,
      "noBackdropDismiss": false,
      "noEscDismiss": false,
      "noFocus": false,
      "noRefocus": false,
      "noRouteDismiss": false,
      "onUpdate:modelValue": undefined,
      "persistent": false,
      "position": "standard",
      "seamless": false,
      "shake": [Function],
      "show": [Function],
      "square": false,
      "toggle": [Function],
      "transitionDuration": 300,
      "transitionHide": undefined,
      "transitionShow": undefined,
    },
    "favoriteSelected": undefined,
    "favorites": Array [],
    "hasOwnProperty": [Function],
    "hide": [Function],
    "nickName": "",
    "onDialogCancel": [Function],
    "onDialogHide": [Function],
    "onOKClick": [Function],
    "show": [Function],
  },
  "rootVM": Object {},
  "wrapperElement": <!---->,
}
`;
